
SYMBOL TABLE:

ALLRES     FE1D   BOOT       FE00   CHKE1_N    FEED   CHKE1_O    FEE9
CHKE2_N    FF12   CHKE2_O    FF0E   CHKERR1    FECE   CHKERR2    FEF1
DREAD      FE8D   DREAD_2    FEA0   DREAD_3    FEAA   DRSTR      FE42
DRSTR_E    FE56   DRVSEL     FF7F   DRVSEL1    FF88   DRVSEL2    FF97
DSKRW      FE58   DWRIT      FE66   DWRIT_2    FE79   DWRIT_3    FE83
EXIT       FE30   FCFIRQ     00D0   FCRDID     00C0   FCRDSC     0080
FCRDTR     00E0   FCRSTR     000E   FCSEEK     001E   FCWRSC     00A0
FCWRTR     00F0   FDCCMD     FD18   FDCDAT     FD1B   FDCDRQ     FD1F
FDCDRV     FD1D   FDCLDR     FD1E   FDCSCT     FD1A   FDCSID     FD1C
FDCSTA     FD18   FDCTRK     FD19   FDDHEAD    FFE1   FIRQ       FFF6
FSBSY      0001   FSCRC      0008   FSHLD      0020   FSIDX      0002
FSNRDY     0080   FSSKER     0010   FSTRK0     0004   FSWPRT     0040
INT_DMY    FFDD   IPLENT     0100   IPLRCB     FFC5   IRQ        FFF8
LASTDRV    FFE0   MOTON_E    FF73   MOTOROF    FF75   MOTORON    FF6B
MSG        0001   NMI        FFFC   PRESCT     FEB4   PRESC_1    FEC1
RCBBUF     0002   RCBCMD     0000   RCBDRV     0007   RCBRSC     000A
RCBRST     0008   RCBSCT     0005   RCBSID     0006   RCBSTA     0001
RCBTRK     0004   RCBWSC     0009   READIPL    FE34   RESET      FFFE
RESTORE    FF37   SAVTRK     FF5D   SEEK       FF16   SEEK_1     FF33
STACK      FC7F   START      FE0B   SWI        FFFA   SWI2       FFF4
SWI3       FFF2   T1MS       FFB1   T1S        FF9B   T1S1       FF9F
T20MS      FFA6   T20MS1     FFAA   T50US      FFBC   T50US1     FFC0
TIM1MS1    FFB6   WAITDSK    FE29   WIRQ       FF54   WIRQ_1     FF56
WRDY       FF4B   WRDY_1     FF4D   
