
SYMBOL TABLE:

ALLRES     FE1D   BOOT       FE00   CHKE1_N    FEEF   CHKE1_O    FEEB
CHKE2_N    FF14   CHKE2_O    FF10   CHKERR1    FED0   CHKERR2    FEF3
DREAD      FE8F   DREAD_2    FEA2   DREAD_3    FEAC   DRSTR      FE44
DRSTR_E    FE58   DRVSEL     FF81   DRVSEL1    FF8A   DRVSEL2    FF99
DSKRW      FE5A   DWRIT      FE68   DWRIT_2    FE7B   DWRIT_3    FE85
EXIT       FE30   FCFIRQ     00D0   FCRDID     00C0   FCRDSC     0080
FCRDTR     00E0   FCRSTR     000E   FCSEEK     001E   FCWRSC     00A0
FCWRTR     00F0   FDCCMD     FD18   FDCDAT     FD1B   FDCDRQ     FD1F
FDCDRV     FD1D   FDCLDR     FD1E   FDCSCT     FD1A   FDCSID     FD1C
FDCSTA     FD18   FDCTRK     FD19   FDDHEAD    FFE1   FIRQ       FFF6
FSBSY      0001   FSCRC      0008   FSHLD      0020   FSIDX      0002
FSNRDY     0080   FSSKER     0010   FSTRK0     0004   FSWPRT     0040
INT_DMY    FFDD   IPLENT     0300   IPLRCB     FFC7   IRQ        FFF8
LASTDRV    FFE0   MOTON_E    FF75   MOTOROF    FF77   MOTORON    FF6D
MSG        0001   NMI        FFFC   PRESCT     FEB6   PRESC_1    FEC3
RCBBUF     0002   RCBCMD     0000   RCBDRV     0007   RCBRSC     000A
RCBRST     0008   RCBSCT     0005   RCBSID     0006   RCBSTA     0001
RCBTRK     0004   RCBWSC     0009   READIPL    FE34   RESET      FFFE
RESTORE    FF39   SAVTRK     FF5F   SEEK       FF18   SEEK_1     FF35
STACK      FC7F   START      FE0B   SWI        FFFA   SWI2       FFF4
SWI3       FFF2   T1MS       FFB3   T1S        FF9D   T1S1       FFA1
T20MS      FFA8   T20MS1     FFAC   T50US      FFBE   T50US1     FFC2
TIM1MS1    FFB8   WAITDSK    FE29   WIRQ       FF56   WIRQ_1     FF58
WRDY       FF4D   WRDY_1     FF4F   
