
SYMBOL TABLE:

ABORT      D000   ATTEN      D404   ATTR_BK    0000   ATTR_BL    0001
ATTR_CY    0005   ATTR_F     0080   ATTR_GR    0004   ATTR_M     0040
ATTR_MG    0003   ATTR_P     0010   ATTR_R     0008   ATTR_RD    0002
ATTR_WH    0007   ATTR_YE    0006   BEEP       D403   BOOT       E000
BUSYF      D40A   CCOL       D023   CHAIN      E656   CHGCOL     E666
CHLINE     E67E   CLRAM      E016   CLS0       E564   CLS0_1     E572
CLS1       E58D   CLS1_1     E596   CLS1_2     E598   CLS1_B1    E59A
CLS1_G1    E5E6   CLS1_R1    E5C0   CLS2       E616   CMD0120    E17F
CMD292C    E186   CMD3D3F    E18F   CMD64      E198   CMD7F      E19C
CMDLP1     E13B   CMDLP2     E143   CMDLP_E    E14F   CMDPRC     E15F
CMDWAIT    E133   CONCTL     E64A   CONT       E799   CRTSW      D408
CSRD1      E7D0   CSRD2      E7DF   CSRDEC     E7BD   CSRDN      E7ED
CSRDNE     E7F9   CSRI1      E7AC   CSRI2      E7BB   CSRINC     E7A3
CSRLF      E7FB   CSRLFE     E806   CSRRG      E808   CSRRGE     E815
CSRUP      E7E1   CSRUPE     E7EB   CSRX       D021   CSRY       D022
CWID       D024   DEFPF      E6AE   DEFPF1     E6BE   DEFPF9     E6C7
DRAW       E890   DRAW1      E8A6   DRAW2      E8AD   DRAW3      E8B4
ECCOORD    003D   ECHARN     0042   ECMD       0046   ECMDPRM    0045
ECOLORN    0043   ECOORDN    0041   EFUNCC     0040   EGCOORD    003F
ENCDAT     D431   ENCSTA     D432   ENLARG1    E8BF   ENLARG2    E8C6
ENLARGE    E8B9   EORDSQ     003E   EPARAM     003C   EPFNUM     0044
ERASE      E43F   ERASE2     E64E   FC_AND     0003   FC_NOT     0005
FC_OR      0002   FC_PRES    0001   FC_PSET    0000   FC_XOR     0004
FIRQ       FFF6   FONBASE    D800   GCURS      E67A   GET        E62A
GETBA      E642   GETBL1     E66A   GETBL2     E672   GETC       E62E
GETCB1     E632   GETCB2     E63A   GETFON     E8CC   GETPF      E6CB
GETVRA1    E8EB   GETVRAM    E8D8   GETXMAX    E817   GETXMXE    E81E
HFIRQ      EE88   HFIRQ2     EE95   HINT       EF1C   HNMI       EDE4
HNMIW      EDE4   ILGCMD     E17B   INICON     E1BC   INIKEY     EEF7
INIT       E42D   INIT1      E438   INITIM1    E1B3   INITIMR    E1AA
INKEY      E682   INKEY2     E693   INKEY3     E6A3   INKEYE     E6A9
INSLED     D40D   INTCTL     E6CF   INTF       D009   INTINT     EE66
INTTM1     EE22   INTTM2     EE3C   INTTM3     EE56   INTTM4     EE76
INTTM6     EE85   INTTRP     EF23   IRQ        FFF8   IRQACK     D402
JPTBL01    E3DD   JPTBL29    E41F   JPTBL3D    E427   KEYBUF     D360
KEYMD      D003   KEYN       D004   KEYRP      D005   KEYWP      D007
KYBDH      D400   KYBDL      D401   LDKEY      EEDC   LDKEY1     EEF3
LDKEY_E    EEF5   LINE       E652   MAINLP     E153   MAINLP1    E157
NMI        FFFC   NMIMSK     D430   NOCMD      E79A   ORDESC1    E53E
ORDESC2    E540   ORDESC3    E542   ORDESC4    E54A   ORDESC5    E550
ORDESCE    E53B   ORDHT1     E4C6   ORDHT2     E4D2   ORDLF_E    E4E5
ORDRPC1    E511   ORDRPC2    E51D   ORDTBL     E469   ORD_BL     E4AB
ORD_BS     E4AF   ORD_CR     E4F2   ORD_DC     E560   ORD_EA     E4EC
ORD_EL     E4AA   ORD_ESC    E523   ORD_HM     E4E7   ORD_HT     E4BB
ORD_LC     E558   ORD_LF     E4D4   ORD_NOP    E4A9   ORD_RC     E554
ORD_RPC    E509   ORD_SC     E4FB   ORD_SF     E4F5   ORD_UC     E55C
PAINT      E65E   PFKEY      EE98   PFKEY1     EEA9   PFKEY9     EEB2
PFTBL      D2C0   POINT      E65A   PUT        E443   PUT1       E448
PUT2       E456   PUTBL1     E66E   PUTBL2     E676   PUTC40     E875
PUTC80     E868   PUTCB1     E636   PUTCB2     E63E   PUTCRA1    E858
PUTCRAW    E856   PUTENC     EF0F   PUTENC1    EF14   PUTORD     E45D
PUT_E      E459   RAMCLR     E1A0   RAMCLR1    E1A2   RDTIM      E71C
RDTIMW     E71C   RESET      FFFE   SCRL10     E82B   SCRL8      E820
SCROLL     E834   SCROLL1    E841   SETTIM     E6D3   SETTIM1    E6E7
SETTIM2    E6F2   SETTIM3    E6FD   SETTIM4    E708   SETTIM5    E715
SETTIMW    E6D5   SH_CMD     D382   SH_CNT     D381   SH_ERR     D380
SH_RAM     D380   SKEY1      EEC1   SKEY2      EED8   SKEY3      EEDA
STACK      D000   STOKEY     EEB9   SUBTYPE    0001   SWI        FFFA
SWI2       FFF4   SWI3       FFF2   SYMBOL     E662   T1         D00C
T1INT      EE30   T1_I       D010   T2         D014   T2_D       D018
TABSET     E646   TACC       D00A   TBLDMY     E087   TC         D00B
TCEND      E76F   TCJMP      E78B   TCJSR      E78F   TCMOV      E774
TCMOV1     E77D   TEST       E751   TESTLP     E756   VOFSTW     D01F
VRAMF      D409   VRAMOH     D40E   VRAMOL     D40F   ZEROINT    EE16

