
SYMBOL TABLE:

ABORT      D000   ATTEN      D404   ATTR_BK    0000   ATTR_BL    0001
ATTR_CY    0005   ATTR_F     0080   ATTR_GR    0004   ATTR_M     0040
ATTR_MG    0003   ATTR_P     0010   ATTR_R     0008   ATTR_RD    0002
ATTR_WH    0007   ATTR_YE    0006   BEEP       D403   BOOT       E000
BUSYF      D40A   CCOL       D023   CHAIN      E659   CHGCOL     E669
CHLINE     E681   CLRAM      E011   CLS0       E567   CLS0_1     E575
CLS1       E590   CLS1_1     E599   CLS1_2     E59B   CLS1_B1    E59D
CLS1_G1    E5E9   CLS1_R1    E5C3   CLS2       E619   CMD0120    E17F
CMD292C    E186   CMD3D3F    E18F   CMD64      E198   CMD7F      E19C
CMDLP1     E13B   CMDLP2     E143   CMDLP_E    E14F   CMDPRC     E15F
CMDWAIT    E133   CONCTL     E64D   CONT       E79C   CRTSW      D408
CSRD1      E7D3   CSRD2      E7E2   CSRDEC     E7C0   CSRDN      E7F0
CSRDNE     E7FC   CSRI1      E7AF   CSRI2      E7BE   CSRINC     E7A6
CSRLF      E7FE   CSRLFE     E809   CSRRG      E80B   CSRRGE     E818
CSRUP      E7E4   CSRUPE     E7EE   CSRX       D021   CSRY       D022
CWID       D024   DEFPF      E6B1   DEFPF1     E6C1   DEFPF9     E6CA
DRAW       E893   DRAW1      E8A9   DRAW2      E8B0   DRAW3      E8B7
ECCOORD    003D   ECHARN     0042   ECMD       0046   ECMDPRM    0045
ECOLORN    0043   ECOORDN    0041   EFUNCC     0040   EGCOORD    003F
ENCDAT     D431   ENCSTA     D432   ENLARG1    E8C2   ENLARG2    E8C9
ENLARGE    E8BC   EORDSQ     003E   EPARAM     003C   EPFNUM     0044
ERASE      E43F   ERASE2     E651   FC_AND     0003   FC_NOT     0005
FC_OR      0002   FC_PRES    0001   FC_PSET    0000   FC_XOR     0004
FIRQ       FFF6   FONBASE    D800   GCURS      E67D   GET        E62D
GETBA      E645   GETBL1     E66D   GETBL2     E675   GETC       E631
GETCB1     E635   GETCB2     E63D   GETFON     E8CF   GETPF      E6CE
GETVRA1    E8EE   GETVRAM    E8DB   GETXMAX    E81A   GETXMXE    E821
HFIRQ      EE88   HFIRQ2     EE95   HINT       EF04   HNMI       EDE4
HNMIW      EDE4   ILGCMD     E17B   INICON     E1BC   INIKEY     EEF7
INIT       E42D   INIT1      E438   INITIM1    E1B3   INITIMR    E1AA
INKEY      E685   INKEY2     E696   INKEY3     E6A6   INKEYE     E6AC
INSLED     D40D   INTCTL     E6D2   INTF       D009   INTINT     EE66
INTTM1     EE22   INTTM2     EE3C   INTTM3     EE56   INTTM4     EE76
INTTM6     EE85   INTTRP     EF0B   IRQ        FFF8   IRQACK     D402
JPTBL01    E3DD   JPTBL29    E41F   JPTBL3D    E427   KEYBUF     D360
KEYMD      D003   KEYN       D004   KEYRP      D005   KEYWP      D007
KYBDH      D400   KYBDL      D401   LDKEY      EEDC   LDKEY1     EEF3
LDKEY_E    EEF5   LINE       E655   MAINLP     E153   MAINLP1    E157
NMI        FFFC   NMIMSK     D430   NOCMD      E79D   ORDESC1    E541
ORDESC2    E543   ORDESC3    E545   ORDESC4    E54D   ORDESC5    E553
ORDESCE    E53E   ORDHT1     E4C6   ORDHT2     E4D2   ORDLF_E    E4E5
ORDRPC1    E514   ORDRPC2    E520   ORDTBL     E469   ORD_BL     E4AB
ORD_BS     E4AF   ORD_CR     E4F2   ORD_DC     E563   ORD_EA     E4EC
ORD_EL     E4AA   ORD_ESC    E526   ORD_HM     E4E7   ORD_HT     E4BB
ORD_LC     E55B   ORD_LF     E4D4   ORD_NOP    E4A9   ORD_RC     E557
ORD_RPC    E50C   ORD_SC     E4FE   ORD_SF     E4F8   ORD_UC     E55F
PAINT      E661   PFKEY      EE98   PFKEY1     EEA9   PFKEY9     EEB2
PFTBL      D2C0   POINT      E65D   PUT        E443   PUT1       E448
PUT2       E456   PUTBL1     E671   PUTBL2     E679   PUTC40     E878
PUTC80     E86B   PUTCB1     E639   PUTCB2     E641   PUTCRA1    E85B
PUTCRAW    E859   PUTORD     E45D   PUT_E      E459   RAMCLR     E1A0
RAMCLR1    E1A2   RDTIM      E71F   RDTIMW     E71F   RESET      FFFE
SCRL10     E82E   SCRL8      E823   SCROLL     E837   SCROLL1    E844
SETTIM     E6D6   SETTIM1    E6EA   SETTIM2    E6F5   SETTIM3    E700
SETTIM4    E70B   SETTIM5    E718   SETTIMW    E6D8   SH_CMD     D382
SH_CNT     D381   SH_ERR     D380   SH_RAM     D380   SKEY1      EEC1
SKEY2      EED8   SKEY3      EEDA   STACK      D000   STOKEY     EEB9
SUBTYPE    0000   SWI        FFFA   SWI2       FFF4   SWI3       FFF2
SYMBOL     E665   T1         D00C   T1INT      EE30   T1_I       D010
T2         D014   T2_D       D018   TABSET     E649   TACC       D00A
TBLDMY     E087   TC         D00B   TCEND      E772   TCJMP      E78E
TCJSR      E792   TCMOV      E777   TCMOV1     E780   TEST       E754
TESTLP     E759   VOFSTW     D01F   VRAMF      D409   VRAMOH     D40E
VRAMOL     D40F   ZEROINT    EE16   
