00001                   
00002                   ;IPLENT EQU     $100            ; IPL ENTRY
00003                   ;IPLENT EQU     $300            ; IPL ENTRY
00004                   
00005 0001              MSG        EQU      1           ; 0=Message非表示  1=表示
00006                   
00007 FC7F              STACK      EQU      $FC7F       ; Initial stack pointer
00008                   
00009                   
00010                   ; FDC Status define
00011 0080              FSNRDY     EQU      $80         ; Not ready
00012 0040              FSWPRT     EQU      $40         ; Write protect
00013 0020              FSHLD      EQU      $20         ; Head load
00014 0010              FSSKER     EQU      $10         ; Seek error
00015 0008              FSCRC      EQU      $08         ; CRC error
00016 0004              FSTRK0     EQU      $04         ; Track 0
00017 0002              FSIDX      EQU      $02         ; Index hole
00018 0001              FSBSY      EQU      $01         ; Busy
00019                   
00020 000E              FCRSTR     EQU      $0E         ; Restore
00021 001E              FCSEEK     EQU      $1E         ; Seek
00022 0080              FCRDSC     EQU      $80         ; Read sector  (D3 = SIDE)
00023 00A0              FCWRSC     EQU      $A0         ; Write sector (D3 = SIDE)
00024 00C0              FCRDID     EQU      $C0         ; Read ID
00025 00E0              FCRDTR     EQU      $E0         ; Read track
00026 00F0              FCWRTR     EQU      $F0         ; Write track
00027 00D0              FCFIRQ     EQU      $D0         ; Force interrupt( D3-D0 = I3-I0 )
00028                   
00029 FD18              FDCSTA     EQU      $FD18       ; (R)Status register
00030 FD18              FDCCMD     EQU      $FD18       ; (W)Command register
00031 FD19              FDCTRK     EQU      $FD19       ; Track register
00032 FD1A              FDCSCT     EQU      $FD1A       ; Sector register
00033 FD1B              FDCDAT     EQU      $FD1B       ; Data register
00034 FD1C              FDCSID     EQU      $FD1C       ; Side select
00035 FD1D              FDCDRV     EQU      $FD1D       ; Drive select
00036 FD1E              FDCLDR     EQU      $FD1E       ; Logical drive #
00037 FD1F              FDCDRQ     EQU      $FD1F       ; DRQ/IRQ
00038                   
00039 0008              RCBRST     EQU      8           ; RESTORE
00040 0009              RCBWSC     EQU      9           ; WRITE SECTOR
00041 000A              RCBRSC     EQU      10          ; READ SECTOR
00042                   
00043                   
00044 0000              RCBCMD     EQU      0
00045 0001              RCBSTA     EQU      1
00046 0002              RCBBUF     EQU      2
00047 0004              RCBTRK     EQU      4
00048 0005              RCBSCT     EQU      5
00049 0006              RCBSID     EQU      6
00050 0007              RCBDRV     EQU      7
00051                   
00052                   
00053 FE00                         ORG      $FE00
00054                   
00055 FE00              BOOT       EQU      *
00056 FE00 2009                    BRA      START
00057                   
00058 FE02 7EFE42                  JMP      DRSTR
00059 FE05 7EFE58                  JMP      DSKRW
00060 FE08 7EFE58                  JMP      DSKRW
00061                   
00062 FE0B              START      EQU      *
00063                   ;       ORCC    #$50
00064                   ;  IF IPLENT=$300
00065 FE0B 7DFD0F                  TST      $FD0F       ; BASIC ROMを見せる
00066                   ;  ENDIF
00067 FE0E 10CEFC7F                LDS      #STACK
00068                   
00069 FE12 86FD                    LDA      #$FD
00070 FE14 1F8B                    TFR      A,DP
00071 00FD                         SETDP    $FD
00072                   
00073 FE16 1A50                    ORCC     #$50
00074                   
00075 FE18                         IF       MSG=1
00076 FE18 BD8003                  JSR      $8003       ; メッセージ表示
00077 FFFF                         ENDIF
00078                   
00079                   ; 全ドライブリストア(3→0)
00080 FE1B 8603                    LDA      #3
00081 FE1D BDFF7F       ALLRES     JSR      DRVSEL      ; ドライブ選択
00082 FE20 BDFF37                  JSR      RESTORE
00083 FE23 4A                      DECA
00084 FE24 2AF7                    BPL      ALLRES
00085                   
00086 FE26                         IF       MSG=1
00087 FE26 BD8009                  JSR      $8009       ; INSERT DISKETTE!メッセージ表示
00088 FFFF                         ENDIF
00089                   ;       JSR     $800C
00090                   
00091 FE29              WAITDSK    EQU      *
00092 FE29 9618                    LDA      <FDCSTA
00093 FE2B 2BFC                    BMI      WAITDSK
00094                   
00095 FE2D                         IF       MSG=1
00096 FE2D BD8006                  JSR      $8006       ; 画面消去
00097 FE30              EXIT       EQU      *
00098 FE30 9605                    LDA      <$FD05
00099 FE32 2BFC                    BMI      EXIT        ; サブがREADYになるまで待つ(画面消去終わるまで待つ)
00100 FFFF                         ENDIF
00101                   
00102 FE34              READIPL    EQU      *
00103 FE34 8EFFC5                  LDX      #IPLRCB
00104 FE37 BDFE58                  JSR      DSKRW       ; IPL読み込み
00105                   ; DISKから読み込んだIPLに制御を渡す
00106 FE3A                         IF       IPLENT=$300
00108 FFFF                         ENDIF
00109 FE3A 4F                      CLRA
00110 FE3B 1F8B                    TFR      A,DP        ; DP=0
00111 FE3D 8E0100                  LDX      #IPLENT
00112 FE40 6E84                    JMP      ,X
00113                   
00114                   ; Restore
00115                   ; IN : RegX = Pointer to RCB
00116                   ; OUT: AccA = RCB STATUS
00117 FE42              DRSTR      EQU      *
00118 FE42 3424                    PSHS     B,Y
00119 FE44 4F                      CLRA
00120 FE45 E684                    LDB      <RCBCMD,X
00121 FE47 C108                    CMPB     #RCBRST     ; リクエスト番号チェック
00122 FE49 260B                    BNE      DRSTR_E
00123 FE4B A607                    LDA      <RCBDRV,X
00124 FE4D BDFF7F                  JSR      DRVSEL      ; ドライブ選択
00125 FE50 BDFF37                  JSR      RESTORE     ; リストア実行
00126 FE53 BDFECE                  JSR      CHKERR1     ; CHECK FDC STATUS
00127 FE56              DRSTR_E    EQU      *
00128 FE56 35A4                    PULS     B,Y,PC
00129                   
00130                   
00131                   ; RCBのリクエスト番号を見て、DWRITとDREADに振り分ける
00132 FE58              DSKRW      EQU      *
00133 FE58 A684                    LDA      <RCBCMD,X
00134 FE5A 8109                    CMPA     #RCBWSC
00135 FE5C 2708                    BEQ      DWRIT
00136 FE5E 810A                    CMPA     #RCBRSC
00137 FE60 272B                    BEQ      DREAD
00138 FE62 4F                      CLRA
00139 FE63 1A01                    ORCC     #$01
00140 FE65 39                      RTS
00141                   
00142                   ; Sector write
00143                   ; IN : RegX = Pointer to RCB
00144                   ; OUT: AccA = RCB STATUS
00145 FE66              DWRIT      EQU      *
00146 FE66 3444                    PSHS     B,U
00147 FE68 3401                    PSHS     CC
00148 FE6A 1A50                    ORCC     #$50
00149 FE6C BDFEB4                  JSR      PRESCT      ; Preparation for sector operation
00150 FE6F BDFF6B                  JSR      MOTORON     ; モータON
00151 FE72 BDFF4B                  JSR      WRDY        ; FDC READY待ち
00152 FE75 86A0                    LDA      #FCWRSC     ; WRITE SECTOR CMD.
00153 FE77 9718                    STA      <FDCCMD
00154 FE79 961F         DWRIT_2    LDA      <FDCDRQ
00155 FE7B 2A06                    BPL      DWRIT_3
00156 FE7D 3702                    PULU     A
00157 FE7F 971B                    STA      <FDCDAT     ; DATA TFR, IF DRQ=1
00158 FE81 20F6                    BRA      DWRIT_2
00159 FE83 48           DWRIT_3    LSLA
00160 FE84 2AF3                    BPL      DWRIT_2     ; GO TO TFR LOOP, IF IRQ=0
00161 FE86 3501                    PULS     CC
00162 FE88 BDFEF1                  JSR      CHKERR2     ; CHECK FDC STATUS
00163 FE8B 35C4                    PULS     B,U,PC
00164                   
00165                   
00166                   ; Sector read
00167                   ; IN : RegX = Pointer to RCB
00168                   ; OUT: AccA = RCB STATUS
00169 FE8D              DREAD      EQU      *
00170 FE8D 3444                    PSHS     B,U
00171 FE8F 3401                    PSHS     CC
00172 FE91 1A50                    ORCC     #$50
00173 FE93 BDFEB4                  JSR      PRESCT      ; Preparation for sector operation
00174 FE96 BDFF6B                  JSR      MOTORON     ; モータON
00175 FE99 BDFF4B                  JSR      WRDY        ; FDC READY待ち
00176 FE9C 8680                    LDA      #FCRDSC     ; READ SECTOR CMD.
00177 FE9E 9718                    STA      <FDCCMD
00178 FEA0 961F         DREAD_2    LDA      <FDCDRQ
00179 FEA2 2A06                    BPL      DREAD_3
00180 FEA4 961B                    LDA      <FDCDAT     ; DATA TFR, IF DRQ=1
00181 FEA6 A7C0                    STA      ,U+
00182 FEA8 20F6                    BRA      DREAD_2
00183 FEAA 48           DREAD_3    LSLA
00184 FEAB 2AF3                    BPL      DREAD_2     ; GO TO TFR LOOP, IF IRQ=0
00185 FEAD 3501                    PULS     CC
00186 FEAF BDFEF1                  JSR      CHKERR2     ; CHECK FDC STATUS
00187 FEB2 35C4                    PULS     B,U,PC
00188                   
00189                   ; Preparation process prior to sector read/write
00190                   ; IN :  RegX = Pointer to RCB
00191                   ; OUT:  RegU = Pointer to data buffer
00192                   ; *AccA will be broken
00193 FEB4              PRESCT     EQU      *
00194 FEB4 A607                    LDA      <RCBDRV,X
00195 FEB6 BDFF7F                  JSR      DRVSEL
00196 FEB9 A604                    LDA      <RCBTRK,X   ; TRK
00197 FEBB 9119                    CMPA     <FDCTRK     ; シークの必要が無ければシークしない
00198 FEBD 2702                    BEQ      PRESC_1
00199 FEBF 8D55                    BSR      SEEK        ; SEEK
00200 FEC1 A606         PRESC_1    LDA      <RCBSID,X   ; SIDE
00201 FEC3 971C                    STA      <FDCSID
00202 FEC5 A605                    LDA      <RCBSCT,X   ; SECTOR
00203 FEC7 971A                    STA      <FDCSCT
00204 FEC9 EE02                    LDU      <RCBBUF,X
00205 FECB A607                    LDA      <RCBDRV,X
00206 FECD 39                      RTS
00207                   
00208                   ; FDC status check and set BIOS error code(for type I cmd)
00209                   ; OUT: Acca = BIOS error code
00210 FECE              CHKERR1    EQU      *
00211 FECE 3404                    PSHS     B
00212 FED0 4F                      CLRA
00213 FED1 D618                    LDB      <FDCSTA
00214 FED3 2718                    BEQ      CHKE1_N     ; NO ERROR
00215 FED5 860A                    LDA      #$0A
00216 FED7 C580                    BITB     #$80
00217 FED9 260E                    BNE      CHKE1_O     ; DISK NOT READY
00218 FEDB 4C                      INCA
00219                   ;       BITB    #$40
00220                   ;       BNE     CHKE1_O         ; WRITE PROTECTED
00221 FEDC 4C                      INCA
00222 FEDD C510                    BITB     #$10
00223 FEDF 2608                    BNE      CHKE1_O     ; HARD ERROR
00224 FEE1 4C                      INCA
00225 FEE2 C508                    BITB     #$08
00226 FEE4 2603                    BNE      CHKE1_O     ; CRC ERROR
00227 FEE6 4F                      CLRA
00228 FEE7 2004                    BRA      CHKE1_N
00229 FEE9 1A01         CHKE1_O    ORCC     #$01
00230 FEEB 3584                    PULS     B,PC
00231                   
00232 FEED 1CFE         CHKE1_N    ANDCC    #$FE
00233 FEEF 3584                    PULS     B,PC
00234                   
00235                   ; FDC status check and set BIOS error code(for type II cmd)
00236                   ; OUT: Acca = BIOS error code
00237 FEF1              CHKERR2    EQU      *
00238 FEF1 3404                    PSHS     B
00239 FEF3 4F                      CLRA
00240 FEF4 D618                    LDB      <FDCSTA
00241 FEF6 271A                    BEQ      CHKE2_N     ; NO ERROR
00242 FEF8 860A                    LDA      #$0A
00243 FEFA C580                    BITB     #$80
00244 FEFC 2610                    BNE      CHKE2_O     ; DISK NOT READY
00245 FEFE 4C                      INCA
00246 FEFF C540                    BITB     #$40
00247 FF01 260B                    BNE      CHKE2_O     ; WRITE PROTECTED
00248 FF03 4C                      INCA
00249 FF04 C514                    BITB     #$14
00250 FF06 2606                    BNE      CHKE2_O     ; HARD ERROR
00251 FF08 4C                      INCA
00252 FF09 C508                    BITB     #$08
00253 FF0B 2601                    BNE      CHKE2_O     ; CRC ERROR
00254                   ;       BRA     CHKE2_N
00255 FF0D 4C                      INCA
00256 FF0E 1A01         CHKE2_O    ORCC     #$01
00257 FF10 3584                    PULS     B,PC
00258                   
00259 FF12 1CFE         CHKE2_N    ANDCC    #$FE
00260 FF14 3584                    PULS     B,PC
00261                   
00262                   ; Head seek
00263                   ; IN : AccA: Destination track #
00264                   ; OUT: CC.C = 0:NO ERROR 1:SEEK ERROR
00265 FF16              SEEK       EQU      *
00266 FF16 3402                    PSHS     A
00267 FF18 971B                    STA      <FDCDAT
00268 FF1A 8D4F                    BSR      MOTORON     ; モータON
00269 FF1C 8D2D                    BSR      WRDY        ; WAIT FOR FDC GOES READY
00270 FF1E 861E                    LDA      #FCSEEK
00271 FF20 9718                    STA      <FDCCMD     ; シークコマンド実行
00272 FF22 BDFFBC                  JSR      T50US       ; 50us待ち
00273 FF25 BDFF54                  JSR      WIRQ        ; IRQ待ち
00274 FF28 8D33                    BSR      SAVTRK
00275 FF2A 9618                    LDA      <FDCSTA
00276 FF2C 4D                      TSTA                 #$10            ; シークエラー?
00277 FF2D 2704                    BEQ      SEEK_1
00278 FF2F 1A01                    ORCC     #$01        ; SET Carry flag
00279 FF31 3582                    PULS     A,PC
00280 FF33 1CFE         SEEK_1     ANDCC    #$FE        ; CLEAR Carry flag
00281 FF35 3582                    PULS     A,PC
00282                   
00283                   ; Restore head
00284                   ; ドライブ選択は含まない(選択しておいてからコールする)
00285 FF37              RESTORE    EQU      *
00286 FF37 3402                    PSHS     A
00287 FF39 8D30                    BSR      MOTORON     ; モータON
00288 FF3B 8D0E                    BSR      WRDY
00289 FF3D 860E                    LDA      #FCRSTR
00290 FF3F 9718                    STA      <FDCCMD
00291 FF41 BDFFBC                  JSR      T50US       ; 50us待つ
00292 FF44 BDFF54                  JSR      WIRQ
00293 FF47 8D14                    BSR      SAVTRK
00294 FF49 3582                    PULS     A,PC
00295                   
00296                   ; FDCのステータスのBUSYが落ちるのを待つ
00297 FF4B              WRDY       EQU      *
00298 FF4B 3402                    PSHS     A
00299 FF4D 9618         WRDY_1     LDA      <FDCSTA
00300 FF4F 44                      LSRA
00301 FF50 25FB                    BCS      WRDY_1
00302 FF52 3582                    PULS     A,PC
00303                   
00304                   ; FDCのIRQが1になるのを待つ
00305 FF54              WIRQ       EQU      *
00306 FF54 3402                    PSHS     A
00307 FF56 961F         WIRQ_1     LDA      <FDCDRQ
00308 FF58 48                      LSLA
00309 FF59 2AFB                    BPL      WIRQ_1
00310 FF5B 3582                    PULS     A,PC
00311                   
00312                   ; 現在のトラック番号をワークに保存
00313 FF5D              SAVTRK     EQU      *
00314 FF5D 3416                    PSHS     A,B,X
00315 FF5F 8EFFE1                  LDX      #FDDHEAD
00316 FF62 B6FFE0                  LDA      LASTDRV
00317 FF65 D619                    LDB      <FDCTRK
00318 FF67 E786                    STB      A,X
00319 FF69 3596                    PULS     A,B,X,PC
00320                   
00321                   ; FDDのモータを回す
00322                   ; 回ってなかった場合、２秒待つ
00323 FF6B              MOTORON    EQU      *
00324 FF6B 3402                    PSHS     A
00325 FF6D 961D                    LDA      <FDCDRV
00326                   ;       BMI     MOTON_E         ; 既にモーター回っている
00327 FF6F 8A80                    ORA      #$80
00328 FF71 971D                    STA      <FDCDRV     ; モータを回す
00329                   ;       BSR     T1S
00330                   ;       BSR     T1S             ; 2秒待つ
00331 FF73              MOTON_E    EQU      *
00332 FF73 3582                    PULS     A,PC
00333                   
00334                   ; FDDのモータを止める
00335 FF75              MOTOROF    EQU      *
00336 FF75 3402                    PSHS     A
00337 FF77 961D                    LDA      <FDCDRV
00338 FF79 847F                    ANDA     #$7F
00339 FF7B 971D                    STA      <FDCDRV
00340 FF7D 3582                    PULS     A,PC
00341                   
00342                   ; FDCにドライブ番号をセット
00343                   ; IN : AccA=ドライブ番号
00344                   ; トラック位置の退避、復元を含む
00345 FF7F              DRVSEL     EQU      *
00346 FF7F 3416                    PSHS     A,B,X
00347 FF81 8EFFE1                  LDX      #FDDHEAD
00348 FF84 D61D                    LDB      <FDCDRV     ; モーター回っていたかどうかを後で見るためにスタックに保存
00349 FF86 3404                    PSHS     B
00350 FF88              DRVSEL1    EQU      *
00351 FF88 8403                    ANDA     #$03
00352 FF8A E686                    LDB      A,X
00353 FF8C D719                    STB      <FDCTRK     ; 選択するドライブのトラック番号をセット
00354 FF8E B7FFE0                  STA      LASTDRV     ; 最後に選択したドライブ番号を保持
00355 FF91 E6E0                    LDB      ,S+
00356 FF93 2A02                    BPL      DRVSEL2     ; 回ってなかったら、まわさない
00357 FF95 8A80                    ORA      #$80        ; モータ回す
00358 FF97 971D         DRVSEL2    STA      <FDCDRV     ; ドライブ選択
00359 FF99 3596                    PULS     A,B,X,PC
00360                   
00361                   ;------------------------------------------------------------
00362                   ; 1sタイマー
00363 FF9B              T1S        EQU      *
00364 FF9B 3402                    PSHS     A
00365 FF9D 8632                    LDA      #50
00366 FF9F 8D05         T1S1       BSR      T20MS       ; 20ms * 50 = 1000ms
00367 FFA1 4A                      DECA
00368 FFA2 26FB                    BNE      T1S1
00369 FFA4 3582                    PULS     A,PC
00370                   
00371                   ;------------------------------------------------------------
00372                   ; 20msタイマー
00373 FFA6              T20MS      EQU      *
00374 FFA6 3402                    PSHS     A
00375 FFA8 8614                    LDA      #20
00376 FFAA 8D05         T20MS1     BSR      T1MS        ; 1ms * 20 = 20ms
00377 FFAC 4A                      DECA
00378 FFAD 26FB                    BNE      T20MS1
00379 FFAF 3582                    PULS     A,PC
00380                   
00381                   ;------------------------------------------------------------
00382                   ; 1msタイマー
00383                   ; 1.2MHz = 833ns  1ms= 1200
00384                   ; 2.0MHz = 500ns  1ms= 2000
00385 FFB1              T1MS       EQU      *
00386 FFB1 3410                    PSHS     X
00387 FFB3 8E00FA                  LDX      #2000/8     ; 2.0MHz
00388 FFB6 301F         TIM1MS1    LEAX     <-1,X       ; ~=4+1 #=2+1
00389 FFB8 26FC                    BNE      TIM1MS1     ; ~=3 #=2
00390 FFBA 3590                    PULS     X,PC
00391                   
00392                   
00393                   ;------------------------------------------------------------
00394                   ; 50usタイマー
00395 FFBC              T50US      EQU      *
00396 FFBC 3402                    PSHS     A
00397 FFBE 8614                    LDA      #20
00398 FFC0 4A           T50US1     DECA
00399 FFC1 26FD                    BNE      T50US1
00400 FFC3 3582                    PULS     A,PC
00401                   
00402                   ;------------------------------------------------------------
00403 FFC5 0A00         IPLRCB     FCB      $0A,$00     ; DREAD, STATUS
00404 FFC7 0100                    FDB      IPLENT      ; BUFFER
00405 FFC9 0001                    FCB      $00,$01     ; TRK,SCT
00406 FFCB 0000                    FCB      $00,$00     ; SID,DRV
00407                   
00408                   
00409                   ;------------------------------------------------------------
00410 FFDD                         ORG      $FFE0-3
00411 FFDD              INT_DMY    EQU      *
00412 FFDD 0D03                    TST      <$FD03
00413 FFDF 3B                      RTI
00414                   
00415                   
00416                   ;------------------------------------------------------------
00417 FFE0                         ORG      $FFE0
00418                   
00419 FFE0 00           LASTDRV    FCB      0
00420 FFE1 00000000     FDDHEAD    FCB      0,0,0,0
00421                   
00422                   
00423                   ;------------------------------------------------------------
00424                   ; INTERRUPT VECTOR TABLE
00425                   
00426 FFF0                         ORG      $FFF0
00427                   
00428 FFF0 0000                    FDB      $0000
00429 FFF2 0000         SWI3       FDB      $0000
00430 FFF4 0000         SWI2       FDB      $0000
00431 FFF6 0000         FIRQ       FDB      $0000
00432 FFF8 0000         IRQ        FDB      $0000
00433 FFFA 0000         SWI        FDB      $0000
00434 FFFC 0000         NMI        FDB      $0000
00435 FFFE FE00         RESET      FDB      $FE00
00436                   
00437                   
00438                   
00439 0000                         END
